// Jest Snapshot v1, https://goo.gl/fbAQLP

exports[`the button component should render correctly 1`] = `
<DocumentFragment>
  <button
    data-testid="test-btn"
  >
     has been called 0 times
  </button>
</DocumentFragment>
`;

exports[`the button component should render a rectangle shaped button when type is passed as rect 1`] = `
<DocumentFragment>
  <button
    data-testid="test-btn"
  >
     has been called 0 times
  </button>
</DocumentFragment>
`;

exports[`the button component should render correctly 1`] = `
<DocumentFragment>
  <button
    data-testid="test-btn"
  >
     has been called 0 times
  </button>
</DocumentFragment>
`;
